[pakistan/resnet50] (25, 2050) from /home/niche-6/assad/forest-biomass-dinov2/datasets_corrected/pakistan_resnet50.csv
  [pakistan/nnls] nested LOO over 25 folds ...
    fold  1/25  K=-1  cfg=ensembleK
    fold  2/25  K=-1  cfg=ensembleK
    fold  3/25  K=-1  cfg=ensembleK
    fold  4/25  K=-1  cfg=ensembleK
    fold  5/25  K=-1  cfg=ensembleK
    fold  6/25  K=-1  cfg=ensembleK
    fold  7/25  K=-1  cfg=ensembleK
    fold  8/25  K=-1  cfg=ensembleK
    fold  9/25  K=-1  cfg=ensembleK
    fold 10/25  K=-1  cfg=ensembleK
    fold 11/25  K=-1  cfg=ensembleK
    fold 12/25  K=-1  cfg=ensembleK
    fold 13/25  K=-1  cfg=ensembleK
    fold 14/25  K=-1  cfg=ensembleK
    fold 15/25  K=-1  cfg=ensembleK
    fold 16/25  K=-1  cfg=ensembleK
    fold 17/25  K=-1  cfg=ensembleK
    fold 18/25  K=-1  cfg=ensembleK
    fold 19/25  K=-1  cfg=ensembleK
    fold 20/25  K=-1  cfg=ensembleK
    fold 21/25  K=-1  cfg=ensembleK
    fold 22/25  K=-1  cfg=ensembleK
    fold 23/25  K=-1  cfg=ensembleK
    fold 24/25  K=-1  cfg=ensembleK
    fold 25/25  K=-1  cfg=ensembleK
  [pakistan/ridge] nested LOO over 25 folds ...
    fold  1/25  K=360  cfg={'alpha': 300.0, 'scale': True}
    fold  2/25  K=360  cfg={'alpha': 300.0, 'scale': True}
    fold  3/25  K=360  cfg={'alpha': 300.0, 'scale': True}
    fold  4/25  K=160  cfg={'alpha': 10.0, 'scale': True}
    fold  5/25  K=260  cfg={'alpha': 300.0, 'scale': True}
    fold  6/25  K=300  cfg={'alpha': 0.01, 'scale': True}
    fold  7/25  K=50  cfg={'alpha': 1.0, 'scale': False}
    fold  8/25  K=220  cfg={'alpha': 0.01, 'scale': True}
    fold  9/25  K=260  cfg={'alpha': 0.01, 'scale': True}
    fold 10/25  K=360  cfg={'alpha': 100.0, 'scale': True}
    fold 11/25  K=360  cfg={'alpha': 1.0, 'scale': False}
    fold 12/25  K=60  cfg={'alpha': 1.0, 'scale': False}
    fold 13/25  K=50  cfg={'alpha': 0.1, 'scale': False}
    fold 14/25  K=40  cfg={'alpha': 1.0, 'scale': False}
    fold 15/25  K=50  cfg={'alpha': 1.0, 'scale': False}
    fold 16/25  K=30  cfg={'alpha': 1.0, 'scale': False}
    fold 17/25  K=30  cfg={'alpha': 1.0, 'scale': False}
    fold 18/25  K=40  cfg={'alpha': 1.0, 'scale': False}
    fold 19/25  K=40  cfg={'alpha': 1.0, 'scale': False}
    fold 20/25  K=360  cfg={'alpha': 1.0, 'scale': False}
    fold 21/25  K=30  cfg={'alpha': 1.0, 'scale': False}
    fold 22/25  K=50  cfg={'alpha': 1.0, 'scale': False}
    fold 23/25  K=40  cfg={'alpha': 1.0, 'scale': False}
    fold 24/25  K=30  cfg={'alpha': 1.0, 'scale': False}
    fold 25/25  K=300  cfg={'alpha': 1.0, 'scale': False}
  [pakistan/xgb] nested LOO over 25 folds ...
    fold  1/25  K=40  cfg={'n_estimators': 300, 'learning_rate': 0.05, 'max_depth': 3, 'reg_lambda': 1.0, 'subsample': 0.8, 'colsample_bytree': 0.8}
    fold  2/25  K=40  cfg={'n_estimators': 300, 'learning_rate': 0.05, 'max_depth': 3, 'reg_lambda': 1.0, 'subsample': 0.8, 'colsample_bytree': 0.8}
    fold  3/25  K=20  cfg={'n_estimators': 300, 'learning_rate': 0.05, 'max_depth': 3, 'reg_lambda': 10.0, 'subsample': 0.8, 'colsample_bytree': 0.8}
    fold  4/25  K=40  cfg={'n_estimators': 300, 'learning_rate': 0.05, 'max_depth': 3, 'reg_lambda': 1.0, 'subsample': 0.8, 'colsample_bytree': 0.8}
    fold  5/25  K=20  cfg={'n_estimators': 300, 'learning_rate': 0.05, 'max_depth': 3, 'reg_lambda': 10.0, 'subsample': 0.8, 'colsample_bytree': 0.8}
    fold  6/25  K=40  cfg={'n_estimators': 300, 'learning_rate': 0.05, 'max_depth': 3, 'reg_lambda': 10.0, 'subsample': 0.8, 'colsample_bytree': 0.8}
    fold  7/25  K=30  cfg={'n_estimators': 300, 'learning_rate': 0.05, 'max_depth': 3, 'reg_lambda': 1.0, 'subsample': 0.8, 'colsample_bytree': 0.8}
    fold  8/25  K=20  cfg={'n_estimators': 300, 'learning_rate': 0.03, 'max_depth': 3, 'reg_lambda': 1.0, 'subsample': 0.8, 'colsample_bytree': 0.8}
    fold  9/25  K=40  cfg={'n_estimators': 300, 'learning_rate': 0.03, 'max_depth': 3, 'reg_lambda': 10.0, 'subsample': 0.8, 'colsample_bytree': 0.8}
    fold 10/25  K=40  cfg={'n_estimators': 300, 'learning_rate': 0.05, 'max_depth': 3, 'reg_lambda': 1.0, 'subsample': 0.8, 'colsample_bytree': 0.8}
    fold 11/25  K=40  cfg={'n_estimators': 300, 'learning_rate': 0.05, 'max_depth': 3, 'reg_lambda': 1.0, 'subsample': 0.8, 'colsample_bytree': 0.8}
    fold 12/25  K=40  cfg={'n_estimators': 300, 'learning_rate': 0.05, 'max_depth': 2, 'reg_lambda': 1.0, 'subsample': 0.8, 'colsample_bytree': 0.8}
    fold 13/25  K=50  cfg={'n_estimators': 300, 'learning_rate': 0.05, 'max_depth': 3, 'reg_lambda': 10.0, 'subsample': 0.8, 'colsample_bytree': 0.8}
    fold 14/25  K=10  cfg={'n_estimators': 300, 'learning_rate': 0.05, 'max_depth': 2, 'reg_lambda': 1.0, 'subsample': 0.8, 'colsample_bytree': 0.8}
    fold 15/25  K=40  cfg={'n_estimators': 300, 'learning_rate': 0.03, 'max_depth': 3, 'reg_lambda': 1.0, 'subsample': 0.8, 'colsample_bytree': 0.8}
    fold 16/25  K=40  cfg={'n_estimators': 300, 'learning_rate': 0.05, 'max_depth': 2, 'reg_lambda': 10.0, 'subsample': 0.8, 'colsample_bytree': 0.8}
    fold 17/25  K=40  cfg={'n_estimators': 300, 'learning_rate': 0.03, 'max_depth': 3, 'reg_lambda': 1.0, 'subsample': 0.8, 'colsample_bytree': 0.8}
    fold 18/25  K=20  cfg={'n_estimators': 300, 'learning_rate': 0.05, 'max_depth': 2, 'reg_lambda': 1.0, 'subsample': 0.8, 'colsample_bytree': 0.8}
    fold 19/25  K=30  cfg={'n_estimators': 300, 'learning_rate': 0.03, 'max_depth': 2, 'reg_lambda': 1.0, 'subsample': 0.8, 'colsample_bytree': 0.8}
    fold 20/25  K=30  cfg={'n_estimators': 300, 'learning_rate': 0.03, 'max_depth': 3, 'reg_lambda': 1.0, 'subsample': 0.8, 'colsample_bytree': 0.8}
    fold 21/25  K=60  cfg={'n_estimators': 300, 'learning_rate': 0.05, 'max_depth': 3, 'reg_lambda': 1.0, 'subsample': 0.8, 'colsample_bytree': 0.8}
    fold 22/25  K=40  cfg={'n_estimators': 300, 'learning_rate': 0.05, 'max_depth': 3, 'reg_lambda': 1.0, 'subsample': 0.8, 'colsample_bytree': 0.8}
    fold 23/25  K=20  cfg={'n_estimators': 300, 'learning_rate': 0.03, 'max_depth': 2, 'reg_lambda': 1.0, 'subsample': 0.8, 'colsample_bytree': 0.8}
    fold 24/25  K=40  cfg={'n_estimators': 300, 'learning_rate': 0.03, 'max_depth': 3, 'reg_lambda': 1.0, 'subsample': 0.8, 'colsample_bytree': 0.8}
    fold 25/25  K=40  cfg={'n_estimators': 300, 'learning_rate': 0.05, 'max_depth': 2, 'reg_lambda': 10.0, 'subsample': 0.8, 'colsample_bytree': 0.8}
  -> /home/niche-6/assad/forest-biomass-dinov2/results_corrected/pakistan_resnet50.json
   nnls  : %RMSE=55.44  R2=0.61  K_modal=ensembleK
   ridge : %RMSE=59.50  R2=0.55  K_modal=360
   xgb   : %RMSE=41.47  R2=0.78  K_modal=40
