[robustness] profile=light feature_counts=[20, 40, 60, 100, 150, 200, 300] nnls_grid=32 ridge_grid=10 xgb_grid=4
seed 1/20 done
seed 2/20 done
seed 3/20 done
seed 4/20 done
seed 5/20 done
seed 6/20 done
seed 7/20 done
seed 8/20 done
seed 9/20 done
seed 10/20 done
seed 11/20 done
seed 12/20 done
seed 13/20 done
seed 14/20 done
seed 15/20 done
seed 16/20 done
seed 17/20 done
seed 18/20 done
seed 19/20 done
seed 20/20 done
=== GERMANY ROBUSTNESS (mean±std over 20 splits) ===
  dino|all_features|nnls           %RMSE=22.28±3.20  R2=0.72±0.12
  dino|all_features|ridge          %RMSE=24.26±3.01  R2=0.68±0.12
  dino|all_features|xgb            %RMSE=24.88±2.90  R2=0.66±0.12
  dino|no_cluster|nnls             %RMSE=23.44±2.89  R2=0.70±0.11
  dino|no_cluster|ridge            %RMSE=24.55±3.21  R2=0.67±0.13
  dino|no_cluster|xgb              %RMSE=23.93±3.61  R2=0.68±0.13
  dino|proposed|nnls               %RMSE=22.99±3.65  R2=0.70±0.15
  dino|proposed|ridge              %RMSE=24.52±2.86  R2=0.67±0.12
  dino|proposed|xgb                %RMSE=23.99±3.63  R2=0.68±0.12
  glcm|literature|gbt              %RMSE=27.65±6.33  R2=0.55±0.28
  glcm|literature|rf               %RMSE=26.49±4.71  R2=0.61±0.18
  glcm|literature|ridge            %RMSE=24.43±2.46  R2=0.68±0.10
  glcm|literature|xgb              %RMSE=28.74±6.99  R2=0.50±0.37
  resnet50|all_features|nnls       %RMSE=27.08±4.03  R2=0.59±0.17
  resnet50|all_features|ridge      %RMSE=27.77±5.71  R2=0.57±0.18
  resnet50|all_features|xgb        %RMSE=30.18±5.60  R2=0.50±0.19
  resnet50|no_cluster|nnls         %RMSE=26.40±4.33  R2=0.61±0.20
  resnet50|no_cluster|ridge        %RMSE=26.96±3.92  R2=0.61±0.12
  resnet50|no_cluster|xgb          %RMSE=25.45±3.33  R2=0.64±0.13
  resnet50|proposed|nnls           %RMSE=28.22±4.68  R2=0.57±0.15
  resnet50|proposed|ridge          %RMSE=29.83±6.53  R2=0.51±0.19
  resnet50|proposed|xgb            %RMSE=28.85±4.51  R2=0.55±0.17
ROBUSTNESS_DONE
